Token: eyJhbGciOiJIUzI1NiIsInR5cCI6IkpXVCJ9.eyJzdWIiOiJhZG1pbiIsImlhdCI6MTc3MjgwNjc5OCwiZXhwIjoxNzczNDk3OTk4fQ.MMsyzR4ocQ-zKGAqq96t1uKQtD5qPKbex2-3nK-4dRc
Users fetch successful!
